// Jest Snapshot v1, https://goo.gl/fbAQLP

exports[`should not go negative 1`] = `
<div>
  Value: 
  0
  <button
    className="decrement"
    onClick={[Function]}
  >
    −
  </button>
  <button
    className="increment"
    onClick={[Function]}
  >
    +
  </button>
</div>
`;

exports[`should render 0 1`] = `
<div>
  Value: 
  0
  <button
    className="decrement"
    onClick={[Function]}
  >
    −
  </button>
  <button
    className="increment"
    onClick={[Function]}
  >
    +
  </button>
</div>
`;

exports[`should render 2 1`] = `
<div>
  Value: 
  2
  <button
    className="decrement"
    onClick={[Function]}
  >
    −
  </button>
  <button
    className="increment"
    onClick={[Function]}
  >
    +
  </button>
</div>
`;
